<html>
<body>
<pre>
<h1>µVision Build Log</h1>
<h2>Tool Versions:</h2>
IDE-Version: µVision V5.25.2.0
Copyright (C) 2018 ARM Ltd and ARM Germany GmbH. All rights reserved.
License Information: Zachary Sharp, NCSU, LIC=----
 
Tool Versions:
Toolchain:       MDK-Lite  Version: 5.25.2.0
Toolchain Path:  C:\Keil_v5\ARM\ARMCC\Bin
C Compiler:      Armcc.exe V5.06 update 6 (build 750)
Assembler:       Armasm.exe V5.06 update 6 (build 750)
Linker/Locator:  ArmLink.exe V5.06 update 6 (build 750)
Library Manager: ArmAr.exe V5.06 update 6 (build 750)
Hex Converter:   FromElf.exe V5.06 update 6 (build 750)
CPU DLL:         SARMCM3.DLL V5.25.2.0
Dialog DLL:      DARMCM1.DLL V1.19.1.0
Target DLL:      PEMicro\Pemicro_ArmCortexInterface.dll V1.11
Dialog DLL:      TARMCM1.DLL V1.14.0.0
 
<h2>Project:</h2>
D:\ECE460\Project 3\TFT-TS-BL-Profiler-RTX-CMSIS.uvprojx
Project File Date:  12/03/2018

<h2>Output:</h2>
*** Using Compiler 'V5.06 update 6 (build 750)', folder: 'C:\Keil_v5\ARM\ARMCC\Bin'
Rebuild target 'TFT LCD'
compiling lucida_12x19.c...
compiling lucida_8x13.c...
compiling lucida_20x31.c...
compiling LCD_text.c...
compiling LCD_graphics.c...
compiling delay.c...
compiling LEDs.c...
compiling FX.c...
compiling debug.c...
compiling DMA.c...
compiling timers.c...
compiling MMA8451.c...
compiling main.c...
compiling region.c...
compiling I2C.c...
compiling threads.c...
Source\threads.c(179): warning:  #1-D: last line of file ends without a newline
   
Source\threads.c: 1 warning, 0 errors
assembling startup_MKL25Z4.s...
compiling control.c...
Source\control.c(288): warning:  #177-D: variable "current"  was declared but never referenced
  	int current;
Source\control.c: 1 warning, 0 errors
compiling T6963.c...
compiling sound.c...
compiling rtx_lib.c...
compiling touchscreen.c...
Source\LCD\touchscreen.c(48): warning:  #177-D: variable "xl"  was declared but never referenced
  static uint16_t xl=0, yu=0;
Source\LCD\touchscreen.c(48): warning:  #177-D: variable "yu"  was declared but never referenced
  static uint16_t xl=0, yu=0;
Source\LCD\touchscreen.c: 2 warnings, 0 errors
compiling profile.c...
compiling RTX_Config.c...
compiling ST7789.c...
compiling system_MKL25Z4.c...
linking...
Program Size: Code=20736 RO-data=4864 RW-data=5264 ZI-data=904  
".\Objects\TFT-TS-BL-Profiler-RTX-CMSIS.axf" - 0 Error(s), 4 Warning(s).

<h2>Software Packages used:</h2>

Package Vendor: ARM
                http://www.keil.com/pack/ARM.CMSIS.5.4.0.pack
                ARM.CMSIS.5.4.0
                CMSIS (Cortex Microcontroller Software Interface Standard)
   * Component: RTOS2 Version: 2.1.3
   * Component: CORE Version: 5.1.2
   * Component: Keil RTX5 Variant: Library Version: 5.4.0

Package Vendor: Keil
                http://www.keil.com/pack/Keil.Kinetis_KLxx_DFP.1.13.0.pack
                Keil.Kinetis_KLxx_DFP.1.13.0
                NXP Kinetis KLxx Series Device Support and Examples
   * Component: Startup Version: 2.5.0

<h2>Collection of Component include folders:</h2>
  .\RTE\CMSIS
  .\RTE\Device\MKL25Z128xxx4
  .\RTE\_TFT_LCD
  C:\Keil_v5\ARM\PACK\ARM\CMSIS\5.4.0\CMSIS\Core\Include
  C:\Keil_v5\ARM\PACK\ARM\CMSIS\5.4.0\CMSIS\RTOS2\Include
  C:\Keil_v5\ARM\PACK\ARM\CMSIS\5.4.0\CMSIS\RTOS2\RTX\Include
  C:\Keil_v5\ARM\PACK\Keil\Kinetis_KLxx_DFP\1.13.0\Device\Include

<h2>Collection of Component Files used:</h2>

   * Component: ::CMSIS:RTOS2:2.1.3 (API)
      Include file:  CMSIS\RTOS2\Include\cmsis_os2.h

   * Component: ARM::CMSIS:CORE:5.1.2

   * Component: ARM::CMSIS:RTOS2:Keil RTX5:Library:5.4.0
      Source file:   CMSIS\RTOS2\RTX\Template\main.c
      Source file:   CMSIS\RTOS2\RTX\Template\MemPool.c
      Source file:   CMSIS\RTOS2\RTX\Config\RTX_Config.c
      Source file:   CMSIS\RTOS2\RTX\Template\MsgQueue.c
      Include file:  CMSIS\RTOS2\RTX\Config\RTX_Config.h
      Include file:  CMSIS\RTOS2\RTX\Include\rtx_os.h
      Source file:   CMSIS\RTOS2\RTX\Template\Events.c
      Source file:   CMSIS\RTOS2\RTX\Template\Thread.c
      Source file:   CMSIS\RTOS2\RTX\Template\Timer.c
      Source file:   CMSIS\RTOS2\RTX\Template\Mutex.c
      Source file:   CMSIS\RTOS2\RTX\Template\svc_user.c
      Library file:  CMSIS\RTOS2\RTX\Library\ARM\RTX_CM0.lib
      Source file:   CMSIS\RTOS2\RTX\Template\Semaphore.c
      Source file:   CMSIS\RTOS2\RTX\Source\rtx_lib.c

   * Component: Keil::Device:Startup:2.5.0
      Source file:   Device\Source\ARM\startup_MKL25Z4.s
      Source file:   Device\Source\system_MKL25Z4.c
      Include file:  Device\Source\system_MKL25Z4.h
Build Time Elapsed:  00:00:01
</pre>
</body>
</html>
